src/ai/BERTModel.ts(27,5): error TS2741: Property 'isReliable' is missing in type '{ label: "ACCURATE" | "INACCURATE" | "UNCERTAIN"; confidence: number; triggerKeyword: string; fromRule: false; reasoning: string; }' but required in type 'ClassificationResult'.
src/ai/MLModel.ts(33,13): error TS2741: Property 'isReliable' is missing in type '{ label: "UNCERTAIN"; confidence: number; triggerKeyword: null; fromRule: false; reasoning: string; }' but required in type 'ClassificationResult'.
src/screens/AnalyzeScreen.tsx(140,3): error TS2304: Cannot find name 'useEffect'.
src/screens/AnalyzeScreen.tsx(546,38): error TS2339: Property 'trustBadge' does not exist on type '{ container: { flex: number; backgroundColor: string; }; header: { flexDirection: "row"; alignItems: "center"; paddingHorizontal: 24; paddingTop: 32; paddingBottom: 16; backgroundColor: string; borderBottomWidth: number; borderBottomColor: string; }; ... 197 more ...; govNote: { ...; }; }'.
src/screens/AnalyzeScreen.tsx(546,187): error TS7053: Element implicitly has an 'any' type because expression of type '300' can't be used to index type '{ 50: string; 100: string; 200: string; 400: string; 600: string; 800: string; 900: string; }'.
  Property '300' does not exist on type '{ 50: string; 100: string; 200: string; 400: string; 600: string; 800: string; 900: string; }'.
src/screens/AnalyzeScreen.tsx(552,40): error TS2339: Property 'trustTextWrap' does not exist on type '{ container: { flex: number; backgroundColor: string; }; header: { flexDirection: "row"; alignItems: "center"; paddingHorizontal: 24; paddingTop: 32; paddingBottom: 16; backgroundColor: string; borderBottomWidth: number; borderBottomColor: string; }; ... 197 more ...; govNote: { ...; }; }'.
src/screens/AnalyzeScreen.tsx(553,44): error TS2339: Property 'trustTitle' does not exist on type '{ container: { flex: number; backgroundColor: string; }; header: { flexDirection: "row"; alignItems: "center"; paddingHorizontal: 24; paddingTop: 32; paddingBottom: 16; backgroundColor: string; borderBottomWidth: number; borderBottomColor: string; }; ... 197 more ...; govNote: { ...; }; }'.
src/screens/AnalyzeScreen.tsx(556,44): error TS2339: Property 'trustNote' does not exist on type '{ container: { flex: number; backgroundColor: string; }; header: { flexDirection: "row"; alignItems: "center"; paddingHorizontal: 24; paddingTop: 32; paddingBottom: 16; backgroundColor: string; borderBottomWidth: number; borderBottomColor: string; }; ... 197 more ...; govNote: { ...; }; }'.
src/screens/AnalyzeScreen.tsx(561,40): error TS2339: Property 'uncertaintyWarning' does not exist on type '{ container: { flex: number; backgroundColor: string; }; header: { flexDirection: "row"; alignItems: "center"; paddingHorizontal: 24; paddingTop: 32; paddingBottom: 16; backgroundColor: string; borderBottomWidth: number; borderBottomColor: string; }; ... 197 more ...; govNote: { ...; }; }'.
src/screens/AnalyzeScreen.tsx(562,43): error TS2339: Property 'warningTitle' does not exist on type '{ container: { flex: number; backgroundColor: string; }; header: { flexDirection: "row"; alignItems: "center"; paddingHorizontal: 24; paddingTop: 32; paddingBottom: 16; backgroundColor: string; borderBottomWidth: number; borderBottomColor: string; }; ... 197 more ...; govNote: { ...; }; }'.
src/screens/AnalyzeScreen.tsx(563,43): error TS2339: Property 'warningText' does not exist on type '{ container: { flex: number; backgroundColor: string; }; header: { flexDirection: "row"; alignItems: "center"; paddingHorizontal: 24; paddingTop: 32; paddingBottom: 16; backgroundColor: string; borderBottomWidth: number; borderBottomColor: string; }; ... 197 more ...; govNote: { ...; }; }'.
src/screens/AnalyzeScreen.tsx(792,72): error TS18048: 'result.confidence' is possibly 'undefined'.
src/screens/AnalyzeScreen.tsx(793,30): error TS18048: 'result.confidence' is possibly 'undefined'.
src/screens/AnalyzeScreen.tsx(797,33): error TS18048: 'result.confidence' is possibly 'undefined'.
src/screens/AnalyzeScreen.tsx(799,32): error TS18048: 'result.confidence' is possibly 'undefined'.
